---
source: tests/snapshots.rs
expression: "String::from_utf8(buf).unwrap()"
---
> captured 2 step(s)
step 0 anthropic POST /v1/messages status=200 prompt_tokens=9
step 1 openai-compat POST /v1/chat/completions status=200 prompt_tokens=2
summary: 2 step(s), 11 prompt tokens (offline o200k approximation, ±10% (never calls an API))
